// Jest Snapshot v1, https://goo.gl/fbAQLP

exports[`renders correctly 1`] = `
ShallowWrapper {
  Symbol(enzyme.__root__): [Circular],
  Symbol(enzyme.__unrendered__): <Unknown
    style={
        Object {
            "backgroundColor": "purple",
            "borderColor": "black",
            "display": "flex",
            "justifyContent": "center",
            "marginLeft": 150,
            "width": 100,
          }
    }
    variant="secondary"
/>,
  Symbol(enzyme.__renderer__): Object {
    "batchedUpdates": [Function],
    "getNode": [Function],
    "render": [Function],
    "simulateError": [Function],
    "simulateEvent": [Function],
    "unmount": [Function],
  },
  Symbol(enzyme.__node__): Object {
    "instance": null,
    "key": undefined,
    "nodeType": "class",
    "props": Object {
      "children": Array [
        undefined,
        undefined,
      ],
      "color": "default",
      "dense": undefined,
      "disabled": undefined,
      "fab": undefined,
      "href": undefined,
      "mini": undefined,
      "onClick": undefined,
      "raised": true,
      "style": Object {
        "backgroundColor": "purple",
        "borderColor": "black",
        "display": "flex",
        "justifyContent": "center",
        "marginLeft": 150,
        "width": 100,
      },
    },
    "ref": null,
    "rendered": Array [
      undefined,
      undefined,
    ],
    "type": [Function],
  },
  Symbol(enzyme.__nodes__): Array [
    Object {
      "instance": null,
      "key": undefined,
      "nodeType": "class",
      "props": Object {
        "children": Array [
          undefined,
          undefined,
        ],
        "color": "default",
        "dense": undefined,
        "disabled": undefined,
        "fab": undefined,
        "href": undefined,
        "mini": undefined,
        "onClick": undefined,
        "raised": true,
        "style": Object {
          "backgroundColor": "purple",
          "borderColor": "black",
          "display": "flex",
          "justifyContent": "center",
          "marginLeft": 150,
          "width": 100,
        },
      },
      "ref": null,
      "rendered": Array [
        undefined,
        undefined,
      ],
      "type": [Function],
    },
  ],
  Symbol(enzyme.__options__): Object {
    "adapter": ReactSixteenAdapter {
      "options": Object {
        "enableComponentDidUpdateOnSetState": true,
        "lifecycles": Object {
          "componentDidUpdate": Object {
            "onSetState": true,
          },
          "getDerivedStateFromProps": true,
          "getSnapshotBeforeUpdate": true,
          "setState": Object {
            "skipsComponentDidUpdateOnNullish": true,
          },
        },
      },
    },
    "attachTo": undefined,
    "hydrateIn": undefined,
  },
}
`;
