// Jest Snapshot v1, https://goo.gl/fbAQLP

exports[`it should show normal dropDown 1`] = `
<div
  className="MuiInput-root-6 MuiInput-inkbar-8 MuiInput-underline-12"
  onBlur={[Function]}
  onFocus={[Function]}
  onSelect={undefined}
>
  <div
    className="MuiSelect-root-1"
  >
    <div
      aria-haspopup="true"
      aria-owns={null}
      aria-pressed="false"
      className="MuiSelect-select-2 MuiSelect-selectMenu-3 MuiInput-input-15 MuiInput-inputSingleline-18"
      onBlur={[Function]}
      onClick={[Function]}
      onFocus={undefined}
      onKeyDown={[Function]}
      role="button"
      tabIndex={0}
    >
      
    </div>
    <input
      aria-invalid={undefined}
      aria-required={undefined}
      autoComplete={undefined}
      autoFocus={undefined}
      defaultValue={undefined}
      id={undefined}
      name={undefined}
      onKeyDown={undefined}
      onKeyUp={undefined}
      placeholder={undefined}
      readOnly={undefined}
      required={undefined}
      rows={undefined}
      type="hidden"
      value="jsbha"
    />
    <svg
      aria-hidden="true"
      className="MuiSvgIcon-root-21 MuiSelect-icon-5"
      focusable="false"
      viewBox="0 0 24 24"
    >
      <path
        d="M7 10l5 5 5-5z"
      />
    </svg>
  </div>
</div>
`;

exports[`with color prop 1`] = `
<div
  className="MuiInput-root-6 MuiInput-inkbar-8 MuiInput-underline-12"
  onBlur={[Function]}
  onFocus={[Function]}
  onSelect={undefined}
>
  <div
    className="MuiSelect-root-1"
  >
    <div
      aria-haspopup="true"
      aria-owns={null}
      aria-pressed="false"
      className="MuiSelect-select-2 MuiSelect-selectMenu-3 MuiInput-input-15 MuiInput-inputSingleline-18"
      onBlur={[Function]}
      onClick={[Function]}
      onFocus={undefined}
      onKeyDown={[Function]}
      role="button"
      tabIndex={0}
    >
      
    </div>
    <input
      aria-invalid={undefined}
      aria-required={undefined}
      autoComplete={undefined}
      autoFocus={undefined}
      defaultValue={undefined}
      id={undefined}
      name={undefined}
      onKeyDown={undefined}
      onKeyUp={undefined}
      placeholder={undefined}
      readOnly={undefined}
      required={undefined}
      rows={undefined}
      type="hidden"
      value="jsbha"
    />
    <svg
      aria-hidden="true"
      className="MuiSvgIcon-root-21 MuiSelect-icon-5"
      focusable="false"
      viewBox="0 0 24 24"
    >
      <path
        d="M7 10l5 5 5-5z"
      />
    </svg>
  </div>
</div>
`;

exports[`with onSelelct prop 1`] = `
<div
  className="MuiInput-root-6 MuiInput-inkbar-8 MuiInput-underline-12"
  onBlur={[Function]}
  onFocus={[Function]}
  onSelect={undefined}
>
  <div
    className="MuiSelect-root-1"
  >
    <div
      aria-haspopup="true"
      aria-owns={null}
      aria-pressed="false"
      className="MuiSelect-select-2 MuiSelect-selectMenu-3 MuiInput-input-15 MuiInput-inputSingleline-18"
      onBlur={[Function]}
      onClick={[Function]}
      onFocus={undefined}
      onKeyDown={[Function]}
      role="button"
      tabIndex={0}
    >
      
    </div>
    <input
      aria-invalid={undefined}
      aria-required={undefined}
      autoComplete={undefined}
      autoFocus={undefined}
      defaultValue={undefined}
      id={undefined}
      name={undefined}
      onKeyDown={undefined}
      onKeyUp={undefined}
      placeholder={undefined}
      readOnly={undefined}
      required={undefined}
      rows={undefined}
      type="hidden"
      value="jsbha"
    />
    <svg
      aria-hidden="true"
      className="MuiSvgIcon-root-21 MuiSelect-icon-5"
      focusable="false"
      viewBox="0 0 24 24"
    >
      <path
        d="M7 10l5 5 5-5z"
      />
    </svg>
  </div>
</div>
`;
