// Jest Snapshot v1, https://goo.gl/fbAQLP

exports[`it should show normal dropDown 1`] = `
<div
  className="MuiInputBase-root-21 MuiInput-root-8 MuiInput-underline-12"
  onClick={[Function]}
  onSelect={undefined}
>
  <div
    className="MuiSelect-root-1"
  >
    <div
      aria-haspopup="true"
      aria-owns={null}
      aria-pressed="false"
      className="MuiSelect-select-2 MuiSelect-selectMenu-5 MuiInputBase-input-31 MuiInput-input-16"
      onBlur={[Function]}
      onClick={[Function]}
      onFocus={[Function]}
      onKeyDown={[Function]}
      role="button"
      tabIndex={0}
    >
      <span
        dangerouslySetInnerHTML={
          Object {
            "__html": "&#8203;",
          }
        }
      />
    </div>
    <input
      autoComplete={undefined}
      autoFocus={undefined}
      defaultValue={undefined}
      id={undefined}
      name={undefined}
      onKeyDown={undefined}
      onKeyUp={undefined}
      placeholder={undefined}
      rows={undefined}
      type="hidden"
      value="jsbha"
    />
    <svg
      aria-hidden="true"
      className="MuiSvgIcon-root-38 MuiSelect-icon-7"
      color={undefined}
      focusable="false"
      role="presentation"
      viewBox="0 0 24 24"
    >
      <path
        d="M7 10l5 5 5-5z"
      />
    </svg>
  </div>
</div>
`;

exports[`with color prop 1`] = `
<div
  className="MuiInputBase-root-21 MuiInput-root-8 MuiInput-underline-12"
  onClick={[Function]}
  onSelect={undefined}
>
  <div
    className="MuiSelect-root-1"
  >
    <div
      aria-haspopup="true"
      aria-owns={null}
      aria-pressed="false"
      className="MuiSelect-select-2 MuiSelect-selectMenu-5 MuiInputBase-input-31 MuiInput-input-16"
      onBlur={[Function]}
      onClick={[Function]}
      onFocus={[Function]}
      onKeyDown={[Function]}
      role="button"
      tabIndex={0}
    >
      <span
        dangerouslySetInnerHTML={
          Object {
            "__html": "&#8203;",
          }
        }
      />
    </div>
    <input
      autoComplete={undefined}
      autoFocus={undefined}
      defaultValue={undefined}
      id={undefined}
      name={undefined}
      onKeyDown={undefined}
      onKeyUp={undefined}
      placeholder={undefined}
      rows={undefined}
      type="hidden"
      value="jsbha"
    />
    <svg
      aria-hidden="true"
      className="MuiSvgIcon-root-38 MuiSelect-icon-7"
      color={undefined}
      focusable="false"
      role="presentation"
      viewBox="0 0 24 24"
    >
      <path
        d="M7 10l5 5 5-5z"
      />
    </svg>
  </div>
</div>
`;

exports[`with onSelelct prop 1`] = `
<div
  className="MuiInputBase-root-21 MuiInput-root-8 MuiInput-underline-12"
  onClick={[Function]}
  onSelect={undefined}
>
  <div
    className="MuiSelect-root-1"
  >
    <div
      aria-haspopup="true"
      aria-owns={null}
      aria-pressed="false"
      className="MuiSelect-select-2 MuiSelect-selectMenu-5 MuiInputBase-input-31 MuiInput-input-16"
      onBlur={[Function]}
      onClick={[Function]}
      onFocus={[Function]}
      onKeyDown={[Function]}
      role="button"
      tabIndex={0}
    >
      <span
        dangerouslySetInnerHTML={
          Object {
            "__html": "&#8203;",
          }
        }
      />
    </div>
    <input
      autoComplete={undefined}
      autoFocus={undefined}
      defaultValue={undefined}
      id={undefined}
      name={undefined}
      onKeyDown={undefined}
      onKeyUp={undefined}
      placeholder={undefined}
      rows={undefined}
      type="hidden"
      value="jsbha"
    />
    <svg
      aria-hidden="true"
      className="MuiSvgIcon-root-38 MuiSelect-icon-7"
      color={undefined}
      focusable="false"
      role="presentation"
      viewBox="0 0 24 24"
    >
      <path
        d="M7 10l5 5 5-5z"
      />
    </svg>
  </div>
</div>
`;
