// Jest Snapshot v1, https://goo.gl/fbAQLP

exports[`Divider component with default values 1`] = `
<hr
  className="MuiDivider-root-1"
/>
`;

exports[`Divider component with style 1`] = `
<hr
  className="MuiDivider-root-1 MuiDivider-absolute-2"
/>
`;
